// Jest Snapshot v1, https://goo.gl/fbAQLP

exports[`Button snapshot 1`] = `
<button
  className=""
  onClick={undefined}
  type="button"
>
   Give me some 
</button>
`;
